[dotenv@17.2.1] injecting env (1) from .env.production -- tip: 🛠️  run anywhere with `dotenvx run -- yourcommand`
🔧 Webpack mode: production
📦 NODE_ENV: production
assets by path fonts/ 1.07 MiB
  assets by path fonts/*.woff2 342 KiB 8 assets
  assets by path fonts/*.ttf 699 KiB 4 assets
  assets by path fonts/*.woff 55.9 KiB 4 assets
assets by path *.css 1.11 MiB
  assets by status 992 KiB [big]
    asset combined-style.css 504 KiB [emitted] [big] (name: combined)
    asset build-style.css 488 KiB [emitted] [big] (name: main)
  asset editor-styles.css 126 KiB [emitted] (name: editor-styles)
  asset libs.css 16.4 KiB [emitted] (name: libs)
assets by path *.js 328 KiB
  asset build-combined.js 163 KiB [emitted] [minimized] (name: combined) 1 related asset
  asset build-libs.js 135 KiB [emitted] [minimized] (name: libs) 1 related asset
  asset build-js.js 29.4 KiB [emitted] [minimized] (name: main)
  asset editor-styles.js 322 bytes [emitted] [minimized] (name: editor-styles)
Entrypoint main [big] 517 KiB = build-style.css 488 KiB build-js.js 29.4 KiB
Entrypoint editor-styles 127 KiB (98 KiB) = editor-styles.css 126 KiB editor-styles.js 322 bytes 8 auxiliary assets
Entrypoint libs 151 KiB = libs.css 16.4 KiB build-libs.js 135 KiB
Entrypoint combined [big] 668 KiB = combined-style.css 504 KiB build-combined.js 163 KiB
orphan modules 1020 KiB (javascript) 1.07 MiB (asset) 6.16 KiB (runtime) [orphan] 99 modules
runtime modules 3.19 KiB 13 modules
built modules 502 KiB (javascript) 632 KiB (css/mini-extract) [built]
  modules by path ./src/ 488 KiB (javascript) 477 KiB (css/mini-extract)
    modules by path ./src/js/ 488 KiB 17 modules
    modules by path ./src/css/*.scss 50 bytes (javascript) 477 KiB (css/mini-extract)
      ./src/css/editor-styles.scss 50 bytes [built] [code generated]
      css ./node_modules/css-loader/dist/cjs.js??ruleSet[1].rules[1].use[1]!./node_modules/postcss-loader/dist/cjs.js??ruleSet[1].rules[1].use[2]!./node_modules/sass-loader/dist/cjs.js??ruleSet[1].rules[1].use[3]!./src/css/editor-styles.scss 123 KiB [built] [code generated]
      css ./node_modules/css-loader/dist/cjs.js??ruleSet[1].rules[1].use[1]!./node_modules/postcss-loader/dist/cjs.js??ruleSet[1].rules[1].use[2]!./node_modules/sass-loader/dist/cjs.js??ruleSet[1].rules[1].use[3]!./src/css/style.scss 355 KiB [built] [code generated]
  modules by path ./node_modules/ 154 KiB (css/mini-extract) 14.3 KiB (javascript)
    modules by path ./node_modules/@fontsource/dm-sans/ 4.74 KiB 4 modules
    modules by path ./node_modules/swiper/ 16.4 KiB 3 modules
    modules by path ./node_modules/aos/dist/ 14.3 KiB (javascript) 27.9 KiB (css/mini-extract) 2 modules
    css ./node_modules/css-loader/dist/cjs.js??ruleSet[1].rules[1].use[1]!./node_modules/@fortawesome/fontawesome-free/css/all.css 105 KiB [built] [code generated]

WARNING in asset size limit: The following asset(s) exceed the recommended size limit (244 KiB).
This can impact web performance.
Assets: 
  fonts/fa-solid-900.ttf (416 KiB)
  build-style.css (488 KiB)
  combined-style.css (504 KiB)

WARNING in entrypoint size limit: The following entrypoint(s) combined asset size exceeds the recommended limit (244 KiB). This can impact web performance.
Entrypoints:
  main (517 KiB)
      build-style.css
      build-js.js
  combined (668 KiB)
      combined-style.css
      build-combined.js

WARNING in webpack performance recommendations: 
You can limit the size of your bundles by using import() or require.ensure to lazy load some parts of your application.
For more info visit https://webpack.js.org/guides/code-splitting/

webpack 5.100.2 compiled with 3 warnings in 19317 ms
Browserslist: browsers data (caniuse-lite) is 15 months old. Please run:
  npx update-browserslist-db@latest
  Why you should do it regularly: https://github.com/browserslist/update-db#readme
